// Jest Snapshot v1, https://goo.gl/fbAQLP

exports[`-----GENERICS TEST Generics snapshot 1`] = `
"body {
  margin: 0px;
  padding: 0px; }

html {
  font-size: 13px; }
  @media only screen and (min-width: 680px) {
    html {
      font-size: 15px; } }
  @media only screen and (min-width: 1087px) {
    html {
      font-size: 18px; } }

body {
  font-family: Arial, sans-serif; }
"
`;

exports[`-----VARIABLES TEST Variables snapshot 1`] = `""`;
